nohup: ignoring input

╔════════════════════════════════════════════════════════════════════════════╗
║                      多链监听启动（ETH + BSC + 可选 Solana）              ║
╚════════════════════════════════════════════════════════════════════════════╝

免费 RPC 节点:
- Ethereum: https://eth-mainnet.g.alchemy.com/v2/YOUR_API_KEY (Alchemy)
- BSC: https://bsc-dataseed.binance.org/ (Binance 官方)
- Solana: https://api.mainnet-beta.solana.com (Solana 官方)
    

================================================================================
🚀 多链区块链监听器初始化
================================================================================

🔍 初始化币安已上架代币过滤器...
✅ 已加载缓存: 441 个代币
   最后更新: 2025-11-22 22:07:00
✅ 过滤器已启用 (已知 441 个币安代币)

✅ [Ethereum] RPC 已连接: https://ethereum.publicnode.com
   当前区块: 23855071
✅ [Ethereum] WebSocket 已配置: wss://ethereum.publicnode.com
✅ [BSC] RPC 已连接: https://bsc-dataseed.binance.org/
   当前区块: 69093696
✅ [BSC] WebSocket 已配置: wss://bsc-ws-node.nariox.org
ℹ️ 已跳过 Solana，只监听 ETH + BSC
✅ ETH 监听线程已启动
✅ BSC 监听线程已启动

================================================================================
🎉 所有链监听器已启动!
================================================================================


================================================================================
🔄 [BSC] 启动 WebSocket 监听
================================================================================
监控钱包: 4 个
================================================================================


================================================================================
🔄 [Ethereum] 启动 WebSocket 监听
================================================================================
监控钱包: 8 个
================================================================================


⚠️  [Ethereum] WebSocket 监听异常，回退到 HTTP 轮询模式: AsyncEth.subscribe() got an unexpected keyword argument 'handler'

================================================================================
🔄 [Ethereum] 启动 HTTP 轮询监听
================================================================================
监控钱包: 8 个
轮询间隔: 12 秒
================================================================================


⚠️  [BSC] WebSocket 监听异常，回退到 HTTP 轮询模式: AsyncEth.subscribe() got an unexpected keyword argument 'handler'

================================================================================
🔄 [BSC] 启动 HTTP 轮询监听
================================================================================
监控钱包: 4 个
轮询间隔: 3 秒
================================================================================

⏰ [BSC] 从区块 69093696 开始监听...

⏰ [Ethereum] 从区块 23855071 开始监听...

🔍 [BSC] 检查区块 69093696 - 69093700
   ⚠️  [BSC] 查询 0x8894E0a0... 失败: {'code': -32005, 'message': 'limit exceeded'}
   ⚠️  [BSC] 查询 0x28C6c062... 失败: {'code': -32005, 'message': 'limit exceeded'}
   ⚠️  [BSC] 查询 0xdccF3B77... 失败: {'code': -32005, 'message': 'limit exceeded'}
   ⚠️  [BSC] 查询 0x0eD7e529... 失败: {'code': -32005, 'message': 'limit exceeded'}
🔍 [BSC] 检查区块 69093701 - 69093704
   ⚠️  [BSC] 查询 0x8894E0a0... 失败: {'code': -32005, 'message': 'limit exceeded'}
   ⚠️  [BSC] 查询 0x28C6c062... 失败: {'code': -32005, 'message': 'limit exceeded'}
   ⚠️  [BSC] 查询 0xdccF3B77... 失败: {'code': -32005, 'message': 'limit exceeded'}
   ⚠️  [BSC] 查询 0x0eD7e529... 失败: {'code': -32005, 'message': 'limit exceeded'}
🔍 [BSC] 检查区块 69093705 - 69093708
   ⚠️  [BSC] 查询 0x8894E0a0... 失败: {'code': -32005, 'message': 'limit exceeded'}
   ⚠️  [BSC] 查询 0x28C6c062... 失败: {'code': -32005, 'message': 'limit exceeded'}
   ⚠️  [BSC] 查询 0xdccF3B77... 失败: {'code': -32005, 'message': 'limit exceeded'}
   ⚠️  [BSC] 查询 0x0eD7e529... 失败: {'code': -32005, 'message': 'limit exceeded'}
🔍 [BSC] 检查区块 69093709 - 69093712
   ⚠️  [BSC] 查询 0x8894E0a0... 失败: {'code': -32005, 'message': 'limit exceeded'}
   ⚠️  [BSC] 查询 0x28C6c062... 失败: {'code': -32005, 'message': 'limit exceeded'}
   ⚠️  [BSC] 查询 0xdccF3B77... 失败: {'code': -32005, 'message': 'limit exceeded'}
   ⚠️  [BSC] 查询 0x0eD7e529... 失败: {'code': -32005, 'message': 'limit exceeded'}
🔍 [Ethereum] 检查区块 23855071 - 23855072
   ⚠️  [Ethereum] 查询 0x28C6c062... 失败: {'code': -32701, 'message': 'Please specify an address in your request or, to remove restrictions, order a dedicated full node here: https://www.allnodes.com/eth/host'}
🔍 [BSC] 检查区块 69093713 - 69093716
   ⚠️  [BSC] 查询 0x8894E0a0... 失败: {'code': -32005, 'message': 'limit exceeded'}
   ⚠️  [BSC] 查询 0x28C6c062... 失败: {'code': -32005, 'message': 'limit exceeded'}
   ⚠️  [BSC] 查询 0xdccF3B77... 失败: {'code': -32005, 'message': 'limit exceeded'}
   ⚠️  [BSC] 查询 0x0eD7e529... 失败: {'code': -32005, 'message': 'limit exceeded'}
   ⚠️  [Ethereum] 查询 0x21a31Ee1... 失败: {'code': -32701, 'message': 'Please specify an address in your request or, to remove restrictions, order a dedicated full node here: https://www.allnodes.com/eth/host'}
   ⚠️  [Ethereum] 查询 0xDFd5293D... 失败: {'code': -32701, 'message': 'Please specify an address in your request or, to remove restrictions, order a dedicated full node here: https://www.allnodes.com/eth/host'}
   ⚠️  [Ethereum] 查询 0x56Eddb7a... 失败: {'code': -32701, 'message': 'Please specify an address in your request or, to remove restrictions, order a dedicated full node here: https://www.allnodes.com/eth/host'}
   ⚠️  [Ethereum] 查询 0x9696f59E... 失败: {'code': -32701, 'message': 'Please specify an address in your request or, to remove restrictions, order a dedicated full node here: https://www.allnodes.com/eth/host'}
   ⚠️  [Ethereum] 查询 0x4E9ce36E... 失败: {'code': -32701, 'message': 'Please specify an address in your request or, to remove restrictions, order a dedicated full node here: https://www.allnodes.com/eth/host'}
   ⚠️  [Ethereum] 查询 0xBE0eB53F... 失败: {'code': -32701, 'message': 'Please specify an address in your request or, to remove restrictions, order a dedicated full node here: https://www.allnodes.com/eth/host'}
   ⚠️  [Ethereum] 查询 0xF977814e... 失败: {'code': -32701, 'message': 'Please specify an address in your request or, to remove restrictions, order a dedicated full node here: https://www.allnodes.com/eth/host'}
🔍 [BSC] 检查区块 69093717 - 69093720
   ⚠️  [BSC] 查询 0x8894E0a0... 失败: {'code': -32005, 'message': 'limit exceeded'}
   ⚠️  [BSC] 查询 0x28C6c062... 失败: {'code': -32005, 'message': 'limit exceeded'}
   ⚠️  [BSC] 查询 0xdccF3B77... 失败: {'code': -32005, 'message': 'limit exceeded'}
   ⚠️  [BSC] 查询 0x0eD7e529... 失败: {'code': -32005, 'message': 'limit exceeded'}
🔍 [BSC] 检查区块 69093721 - 69093724
   ⚠️  [BSC] 查询 0x8894E0a0... 失败: {'code': -32005, 'message': 'limit exceeded'}
   ⚠️  [BSC] 查询 0x28C6c062... 失败: {'code': -32005, 'message': 'limit exceeded'}
   ⚠️  [BSC] 查询 0xdccF3B77... 失败: {'code': -32005, 'message': 'limit exceeded'}
   ⚠️  [BSC] 查询 0x0eD7e529... 失败: {'code': -32005, 'message': 'limit exceeded'}
🔍 [BSC] 检查区块 69093725 - 69093728
   ⚠️  [BSC] 查询 0x8894E0a0... 失败: {'code': -32005, 'message': 'limit exceeded'}
   ⚠️  [BSC] 查询 0x28C6c062... 失败: {'code': -32005, 'message': 'limit exceeded'}
   ⚠️  [BSC] 查询 0xdccF3B77... 失败: {'code': -32005, 'message': 'limit exceeded'}
   ⚠️  [BSC] 查询 0x0eD7e529... 失败: {'code': -32005, 'message': 'limit exceeded'}
🔍 [BSC] 检查区块 69093729 - 69093732
   ⚠️  [BSC] 查询 0x8894E0a0... 失败: {'code': -32005, 'message': 'limit exceeded'}
   ⚠️  [BSC] 查询 0x28C6c062... 失败: {'code': -32005, 'message': 'limit exceeded'}
   ⚠️  [BSC] 查询 0xdccF3B77... 失败: {'code': -32005, 'message': 'limit exceeded'}
   ⚠️  [BSC] 查询 0x0eD7e529... 失败: {'code': -32005, 'message': 'limit exceeded'}
🔍 [BSC] 检查区块 69093733 - 69093736
   ⚠️  [BSC] 查询 0x8894E0a0... 失败: {'code': -32005, 'message': 'limit exceeded'}
   ⚠️  [BSC] 查询 0x28C6c062... 失败: {'code': -32005, 'message': 'limit exceeded'}
   ⚠️  [BSC] 查询 0xdccF3B77... 失败: {'code': -32005, 'message': 'limit exceeded'}
   ⚠️  [BSC] 查询 0x0eD7e529... 失败: {'code': -32005, 'message': 'limit exceeded'}
🔍 [BSC] 检查区块 69093737 - 69093740
   ⚠️  [BSC] 查询 0x8894E0a0... 失败: {'code': -32005, 'message': 'limit exceeded'}
   ⚠️  [BSC] 查询 0x28C6c062... 失败: {'code': -32005, 'message': 'limit exceeded'}
   ⚠️  [BSC] 查询 0xdccF3B77... 失败: {'code': -32005, 'message': 'limit exceeded'}
   ⚠️  [BSC] 查询 0x0eD7e529... 失败: {'code': -32005, 'message': 'limit exceeded'}
🔍 [BSC] 检查区块 69093741 - 69093744
   ⚠️  [BSC] 查询 0x8894E0a0... 失败: {'code': -32005, 'message': 'limit exceeded'}
   ⚠️  [BSC] 查询 0x28C6c062... 失败: {'code': -32005, 'message': 'limit exceeded'}
   ⚠️  [BSC] 查询 0xdccF3B77... 失败: {'code': -32005, 'message': 'limit exceeded'}
   ⚠️  [BSC] 查询 0x0eD7e529... 失败: {'code': -32005, 'message': 'limit exceeded'}
🔍 [BSC] 检查区块 69093745 - 69093748
   ⚠️  [BSC] 查询 0x8894E0a0... 失败: {'code': -32005, 'message': 'limit exceeded'}
   ⚠️  [BSC] 查询 0x28C6c062... 失败: {'code': -32005, 'message': 'limit exceeded'}
   ⚠️  [BSC] 查询 0xdccF3B77... 失败: {'code': -32005, 'message': 'limit exceeded'}
   ⚠️  [BSC] 查询 0x0eD7e529... 失败: {'code': -32005, 'message': 'limit exceeded'}
🔍 [BSC] 检查区块 69093749 - 69093752
   ⚠️  [BSC] 查询 0x8894E0a0... 失败: {'code': -32005, 'message': 'limit exceeded'}
   ⚠️  [BSC] 查询 0x28C6c062... 失败: {'code': -32005, 'message': 'limit exceeded'}
   ⚠️  [BSC] 查询 0xdccF3B77... 失败: {'code': -32005, 'message': 'limit exceeded'}
   ⚠️  [BSC] 查询 0x0eD7e529... 失败: {'code': -32005, 'message': 'limit exceeded'}
🔍 [Ethereum] 检查区块 23855073 - 23855074
🔍 [BSC] 检查区块 69093753 - 69093757
   ⚠️  [BSC] 查询 0x8894E0a0... 失败: {'code': -32005, 'message': 'limit exceeded'}
   ⚠️  [BSC] 查询 0x28C6c062... 失败: {'code': -32005, 'message': 'limit exceeded'}
   ⚠️  [BSC] 查询 0xdccF3B77... 失败: {'code': -32005, 'message': 'limit exceeded'}
   ⚠️  [BSC] 查询 0x0eD7e529... 失败: {'code': -32005, 'message': 'limit exceeded'}
   ⚠️  [Ethereum] 查询 0x28C6c062... 失败: {'code': -32701, 'message': 'Please specify an address in your request or, to remove restrictions, order a dedicated full node here: https://www.allnodes.com/eth/host'}
   ⚠️  [Ethereum] 查询 0x21a31Ee1... 失败: {'code': -32701, 'message': 'Please specify an address in your request or, to remove restrictions, order a dedicated full node here: https://www.allnodes.com/eth/host'}
   ⚠️  [Ethereum] 查询 0xDFd5293D... 失败: {'code': -32701, 'message': 'Please specify an address in your request or, to remove restrictions, order a dedicated full node here: https://www.allnodes.com/eth/host'}
   ⚠️  [Ethereum] 查询 0x56Eddb7a... 失败: {'code': -32701, 'message': 'Please specify an address in your request or, to remove restrictions, order a dedicated full node here: https://www.allnodes.com/eth/host'}
   ⚠️  [Ethereum] 查询 0x9696f59E... 失败: {'code': -32701, 'message': 'Please specify an address in your request or, to remove restrictions, order a dedicated full node here: https://www.allnodes.com/eth/host'}
   ⚠️  [Ethereum] 查询 0x4E9ce36E... 失败: {'code': -32701, 'message': 'Please specify an address in your request or, to remove restrictions, order a dedicated full node here: https://www.allnodes.com/eth/host'}
   ⚠️  [Ethereum] 查询 0xBE0eB53F... 失败: {'code': -32701, 'message': 'Please specify an address in your request or, to remove restrictions, order a dedicated full node here: https://www.allnodes.com/eth/host'}
   ⚠️  [Ethereum] 查询 0xF977814e... 失败: {'code': -32701, 'message': 'Please specify an address in your request or, to remove restrictions, order a dedicated full node here: https://www.allnodes.com/eth/host'}
🔍 [BSC] 检查区块 69093758 - 69093761
   ⚠️  [BSC] 查询 0x8894E0a0... 失败: {'code': -32005, 'message': 'limit exceeded'}
   ⚠️  [BSC] 查询 0x28C6c062... 失败: {'code': -32005, 'message': 'limit exceeded'}
   ⚠️  [BSC] 查询 0xdccF3B77... 失败: {'code': -32005, 'message': 'limit exceeded'}
   ⚠️  [BSC] 查询 0x0eD7e529... 失败: {'code': -32005, 'message': 'limit exceeded'}
🔍 [BSC] 检查区块 69093762 - 69093765
   ⚠️  [BSC] 查询 0x8894E0a0... 失败: {'code': -32005, 'message': 'limit exceeded'}
   ⚠️  [BSC] 查询 0x28C6c062... 失败: {'code': -32005, 'message': 'limit exceeded'}
   ⚠️  [BSC] 查询 0xdccF3B77... 失败: {'code': -32005, 'message': 'limit exceeded'}
   ⚠️  [BSC] 查询 0x0eD7e529... 失败: {'code': -32005, 'message': 'limit exceeded'}
🔍 [BSC] 检查区块 69093766 - 69093769
   ⚠️  [BSC] 查询 0x8894E0a0... 失败: {'code': -32005, 'message': 'limit exceeded'}
   ⚠️  [BSC] 查询 0x28C6c062... 失败: {'code': -32005, 'message': 'limit exceeded'}
   ⚠️  [BSC] 查询 0xdccF3B77... 失败: {'code': -32005, 'message': 'limit exceeded'}
   ⚠️  [BSC] 查询 0x0eD7e529... 失败: {'code': -32005, 'message': 'limit exceeded'}
🔍 [BSC] 检查区块 69093770 - 69093773
   ⚠️  [BSC] 查询 0x8894E0a0... 失败: {'code': -32005, 'message': 'limit exceeded'}
   ⚠️  [BSC] 查询 0x28C6c062... 失败: {'code': -32005, 'message': 'limit exceeded'}
   ⚠️  [BSC] 查询 0xdccF3B77... 失败: {'code': -32005, 'message': 'limit exceeded'}
   ⚠️  [BSC] 查询 0x0eD7e529... 失败: {'code': -32005, 'message': 'limit exceeded'}
🔍 [BSC] 检查区块 69093774 - 69093777
   ⚠️  [BSC] 查询 0x8894E0a0... 失败: {'code': -32005, 'message': 'limit exceeded'}
   ⚠️  [BSC] 查询 0x28C6c062... 失败: {'code': -32005, 'message': 'limit exceeded'}
   ⚠️  [BSC] 查询 0xdccF3B77... 失败: {'code': -32005, 'message': 'limit exceeded'}
   ⚠️  [BSC] 查询 0x0eD7e529... 失败: {'code': -32005, 'message': 'limit exceeded'}
🔍 [BSC] 检查区块 69093778 - 69093781
   ⚠️  [BSC] 查询 0x8894E0a0... 失败: {'code': -32005, 'message': 'limit exceeded'}
   ⚠️  [BSC] 查询 0x28C6c062... 失败: {'code': -32005, 'message': 'limit exceeded'}
   ⚠️  [BSC] 查询 0xdccF3B77... 失败: {'code': -32005, 'message': 'limit exceeded'}
   ⚠️  [BSC] 查询 0x0eD7e529... 失败: {'code': -32005, 'message': 'limit exceeded'}
🔍 [BSC] 检查区块 69093782 - 69093785
   ⚠️  [BSC] 查询 0x8894E0a0... 失败: {'code': -32005, 'message': 'limit exceeded'}
   ⚠️  [BSC] 查询 0x28C6c062... 失败: {'code': -32005, 'message': 'limit exceeded'}
   ⚠️  [BSC] 查询 0xdccF3B77... 失败: {'code': -32005, 'message': 'limit exceeded'}
   ⚠️  [BSC] 查询 0x0eD7e529... 失败: {'code': -32005, 'message': 'limit exceeded'}
🔍 [BSC] 检查区块 69093786 - 69093789
   ⚠️  [BSC] 查询 0x8894E0a0... 失败: {'code': -32005, 'message': 'limit exceeded'}
   ⚠️  [BSC] 查询 0x28C6c062... 失败: {'code': -32005, 'message': 'limit exceeded'}
